------------------------------------------------------------
TimeQuest Timing Analyzer Summary
------------------------------------------------------------

Type  : Slow 1200mV 85C Model Setup 'CLOCK_50'
Slack : -5.767
TNS   : -195.897

Type  : Slow 1200mV 85C Model Setup 'datapath:gameModule|RateDivider:RD|countDown[0]'
Slack : -0.795
TNS   : -4.326

Type  : Slow 1200mV 85C Model Setup 'VGA|mypll|altpll_component|pll|clk[0]'
Slack : 33.714
TNS   : 0.000

Type  : Slow 1200mV 85C Model Hold 'datapath:gameModule|RateDivider:RD|countDown[0]'
Slack : -0.477
TNS   : -1.185

Type  : Slow 1200mV 85C Model Hold 'CLOCK_50'
Slack : 0.403
TNS   : 0.000

Type  : Slow 1200mV 85C Model Hold 'VGA|mypll|altpll_component|pll|clk[0]'
Slack : 0.403
TNS   : 0.000

Type  : Slow 1200mV 85C Model Minimum Pulse Width 'datapath:gameModule|RateDivider:RD|countDown[0]'
Slack : -1.285
TNS   : -8.995

Type  : Slow 1200mV 85C Model Minimum Pulse Width 'CLOCK_50'
Slack : 9.626
TNS   : 0.000

Type  : Slow 1200mV 85C Model Minimum Pulse Width 'VGA|mypll|altpll_component|pll|clk[0]'
Slack : 19.708
TNS   : 0.000

Type  : Slow 1200mV 0C Model Setup 'CLOCK_50'
Slack : -5.196
TNS   : -175.490

Type  : Slow 1200mV 0C Model Setup 'datapath:gameModule|RateDivider:RD|countDown[0]'
Slack : -0.638
TNS   : -3.307

Type  : Slow 1200mV 0C Model Setup 'VGA|mypll|altpll_component|pll|clk[0]'
Slack : 34.298
TNS   : 0.000

Type  : Slow 1200mV 0C Model Hold 'datapath:gameModule|RateDivider:RD|countDown[0]'
Slack : -0.421
TNS   : -1.049

Type  : Slow 1200mV 0C Model Hold 'CLOCK_50'
Slack : 0.354
TNS   : 0.000

Type  : Slow 1200mV 0C Model Hold 'VGA|mypll|altpll_component|pll|clk[0]'
Slack : 0.355
TNS   : 0.000

Type  : Slow 1200mV 0C Model Minimum Pulse Width 'datapath:gameModule|RateDivider:RD|countDown[0]'
Slack : -1.285
TNS   : -8.995

Type  : Slow 1200mV 0C Model Minimum Pulse Width 'CLOCK_50'
Slack : 9.646
TNS   : 0.000

Type  : Slow 1200mV 0C Model Minimum Pulse Width 'VGA|mypll|altpll_component|pll|clk[0]'
Slack : 19.710
TNS   : 0.000

Type  : Fast 1200mV 0C Model Setup 'CLOCK_50'
Slack : -2.479
TNS   : -78.008

Type  : Fast 1200mV 0C Model Setup 'datapath:gameModule|RateDivider:RD|countDown[0]'
Slack : 0.141
TNS   : 0.000

Type  : Fast 1200mV 0C Model Setup 'VGA|mypll|altpll_component|pll|clk[0]'
Slack : 36.924
TNS   : 0.000

Type  : Fast 1200mV 0C Model Hold 'datapath:gameModule|RateDivider:RD|countDown[0]'
Slack : 0.012
TNS   : 0.000

Type  : Fast 1200mV 0C Model Hold 'CLOCK_50'
Slack : 0.086
TNS   : 0.000

Type  : Fast 1200mV 0C Model Hold 'VGA|mypll|altpll_component|pll|clk[0]'
Slack : 0.182
TNS   : 0.000

Type  : Fast 1200mV 0C Model Minimum Pulse Width 'datapath:gameModule|RateDivider:RD|countDown[0]'
Slack : -1.000
TNS   : -7.000

Type  : Fast 1200mV 0C Model Minimum Pulse Width 'CLOCK_50'
Slack : 9.372
TNS   : 0.000

Type  : Fast 1200mV 0C Model Minimum Pulse Width 'VGA|mypll|altpll_component|pll|clk[0]'
Slack : 19.754
TNS   : 0.000

------------------------------------------------------------
